Loading required modules...
=== Starting GPU Rank Transfer Benchmark (Exclusive Node) ===
Partition: c23g, Account: thes2181, GPUs: 4
Using mpirun from: /cvmfs/software.hpc.rwth.de/Linux/RH9/x86_64/intel/sapphirerapids/software/OpenMPI/4.1.4-GCC-11.3.0/bin/mpirun
Sun Aug  2 02:41:29 PM CEST 2026
=== MPI Rank-to-GPU Latency & Bandwidth Benchmark ===
Ranks: 96, Small payload: 4096 B, Large payload: 16 MB
Target GPUs: 0,1,2,3
Starting GPU transfer measurements via token ring...
[Rank 0] Testing GPU 0 (CPU 0)...
[Rank 16] Testing GPU 0 (CPU 16)...
[Rank 32] Testing GPU 0 (CPU 32)...
[Rank 48] Testing GPU 0 (CPU 48)...
[Rank 64] Testing GPU 0 (CPU 64)...
[Rank 80] Testing GPU 0 (CPU 80)...
Completed GPU 0 token ring across all ranks.
[Rank 0] Testing GPU 1 (CPU 0)...
[Rank 16] Testing GPU 1 (CPU 16)...
[Rank 32] Testing GPU 1 (CPU 32)...
[Rank 48] Testing GPU 1 (CPU 48)...
[Rank 64] Testing GPU 1 (CPU 64)...
[Rank 80] Testing GPU 1 (CPU 80)...
Completed GPU 1 token ring across all ranks.
[Rank 0] Testing GPU 2 (CPU 0)...
[Rank 16] Testing GPU 2 (CPU 16)...
[Rank 32] Testing GPU 2 (CPU 32)...
[Rank 48] Testing GPU 2 (CPU 48)...
[Rank 64] Testing GPU 2 (CPU 64)...
[Rank 80] Testing GPU 2 (CPU 80)...
Completed GPU 2 token ring across all ranks.
[Rank 0] Testing GPU 3 (CPU 0)...
[Rank 16] Testing GPU 3 (CPU 16)...
[Rank 32] Testing GPU 3 (CPU 32)...
[Rank 48] Testing GPU 3 (CPU 48)...
[Rank 64] Testing GPU 3 (CPU 64)...
[Rank 80] Testing GPU 3 (CPU 80)...
Completed GPU 3 token ring across all ranks.
Done! Results written to gpu_c23g_transfer_latency.csv
GPU benchmark completed. Generating heatmaps...
Generating heatmaps using:
  CPU CSV: cpu_192ranks_pair_latency.csv
  GPU CSV: gpu_c23g_transfer_latency.csv
[Success] Saved CPU latency heatmap to 'cpu_pair_latency_heatmap.png'.
[Success] Saved CPU bandwidth heatmap to 'cpu_pair_bandwidth_heatmap.png'.
[Success] Saved GPU bandwidth heatmap to 'gpu_transfer_bandwidth_heatmap.png'.
[Success] Saved GPU latency heatmap to 'gpu_transfer_latency_heatmap.png'.
Sun Aug  2 02:44:55 PM CEST 2026
